tranngocthuong@ThuongTN Project-Recoverability-In-AWS % ssh -i udacity.pem ec2-user@ec2-100-24-73-175.compute-1.amazonaws.com

   ,     #_
   ~\_  ####_        Amazon Linux 2023
  ~~  \_#####\
  ~~     \###|
  ~~       \#/ ___   https://aws.amazon.com/linux/amazon-linux-2023
   ~~       V~' '->
    ~~~         /
      ~~._.   _/
         _/ _/
       _/m/'
Last login: Sun Jul  7 11:31:26 2024 from 18.206.107.27
[ec2-user@ip-10-1-11-217 ~]$ mysql --version
-bash: mysql: command not found
[ec2-user@ip-10-1-11-217 ~]$ sudo wget https://dev.mysql.com/get/mysql80-community-release-el9-1.noarch.rpm
--2024-07-07 11:48:35--  https://dev.mysql.com/get/mysql80-community-release-el9-1.noarch.rpm
Resolving dev.mysql.com (dev.mysql.com)... 23.49.176.249, 2600:1408:c400:188c::2e31, 2600:1408:c400:1881::2e31
Connecting to dev.mysql.com (dev.mysql.com)|23.49.176.249|:443... connected.
HTTP request sent, awaiting response... 302 Moved Temporarily
Location: https://repo.mysql.com//mysql80-community-release-el9-1.noarch.rpm [following]
--2024-07-07 11:48:35--  https://repo.mysql.com//mysql80-community-release-el9-1.noarch.rpm
Resolving repo.mysql.com (repo.mysql.com)... 184.25.42.21, 2600:1408:c400:168d::1d68, 2600:1408:c400:1692::1d68
Connecting to repo.mysql.com (repo.mysql.com)|184.25.42.21|:443... connected.
HTTP request sent, awaiting response... 200 OK
Length: 10534 (10K) [application/x-redhat-package-manager]
Saving to: ‘mysql80-community-release-el9-1.noarch.rpm’

mysql80-community-release-el9-1.noarch.rpm      100%[=======================================================================================================>]  10.29K  --.-KB/s    in 0s      

2024-07-07 11:48:35 (287 MB/s) - ‘mysql80-community-release-el9-1.noarch.rpm’ saved [10534/10534]
[ec2-user@ip-10-1-11-217 ~]$ sudo dnf install mysql80-community-release-el9-1.noarch.rpm -y
Last metadata expiration check: 0:24:19 ago on Sun Jul  7 11:25:03 2024.
Dependencies resolved.
================================================================================================================================================================================================
 Package                                                    Architecture                            Version                                 Repository                                     Size
================================================================================================================================================================================================
Installing:
 mysql80-community-release                                  noarch                                  el9-1                                   @commandline                                   10 k

Transaction Summary
================================================================================================================================================================================================
Install  1 Package

Total size: 10 k
Installed size: 5.7 k
Downloading Packages:
Running transaction check
Transaction check succeeded.
Running transaction test
Transaction test succeeded.
Running transaction
  Preparing        :                                                                                                                                                                        1/1 
  Installing       : mysql80-community-release-el9-1.noarch                                                                                                                                 1/1 
  Verifying        : mysql80-community-release-el9-1.noarch                                                                                                                                 1/1 

Installed:
  mysql80-community-release-el9-1.noarch                                                                                                                                                        

Complete!
[ec2-user@ip-10-1-11-217 ~]$ sudo rpm --import https://repo.mysql.com/RPM-GPG-KEY-mysql-2023
[ec2-user@ip-10-1-11-217 ~]$ mysql --version
-bash: mysql: command not found
[ec2-user@ip-10-1-11-217 ~]$ sudo dnf install mysql-community-server -y
MySQL 8.0 Community Server                                                                                                                                       42 MB/s | 1.9 MB     00:00    
MySQL Connectors Community                                                                                                                                      2.9 MB/s |  61 kB     00:00    
MySQL Tools Community                                                                                                                                            15 MB/s | 721 kB     00:00    
Dependencies resolved.
================================================================================================================================================================================================
 Package                                                     Architecture                        Version                                   Repository                                      Size
================================================================================================================================================================================================
Installing:
 mysql-community-server                                      x86_64                              8.0.38-1.el9                              mysql80-community                               49 M
Installing dependencies:
 mysql-community-client                                      x86_64                              8.0.38-1.el9                              mysql80-community                              3.4 M
 mysql-community-client-plugins                              x86_64                              8.0.38-1.el9                              mysql80-community                              1.4 M
 mysql-community-common                                      x86_64                              8.0.38-1.el9                              mysql80-community                              555 k
 mysql-community-icu-data-files                              x86_64                              8.0.38-1.el9                              mysql80-community                              2.3 M
 mysql-community-libs                                        x86_64                              8.0.38-1.el9                              mysql80-community                              1.5 M

Transaction Summary
================================================================================================================================================================================================
Install  6 Packages

Total download size: 59 M
Installed size: 335 M
Downloading Packages:
(1/6): mysql-community-common-8.0.38-1.el9.x86_64.rpm                                                                                                            19 MB/s | 555 kB     00:00    
(2/6): mysql-community-client-8.0.38-1.el9.x86_64.rpm                                                                                                            56 MB/s | 3.4 MB     00:00    
(3/6): mysql-community-client-plugins-8.0.38-1.el9.x86_64.rpm                                                                                                    17 MB/s | 1.4 MB     00:00    
(4/6): mysql-community-libs-8.0.38-1.el9.x86_64.rpm                                                                                                              42 MB/s | 1.5 MB     00:00    
(5/6): mysql-community-icu-data-files-8.0.38-1.el9.x86_64.rpm                                                                                                    26 MB/s | 2.3 MB     00:00    
(6/6): mysql-community-server-8.0.38-1.el9.x86_64.rpm                                                                                                            67 MB/s |  49 MB     00:00    
------------------------------------------------------------------------------------------------------------------------------------------------------------------------------------------------
Total                                                                                                                                                            71 MB/s |  59 MB     00:00     
Running transaction check
Transaction check succeeded.
Running transaction test
Transaction test succeeded.
Running transaction
  Preparing        :                                                                                                                                                                        1/1 
  Installing       : mysql-community-common-8.0.38-1.el9.x86_64                                                                                                                             1/6 
  Installing       : mysql-community-client-plugins-8.0.38-1.el9.x86_64                                                                                                                     2/6 
  Installing       : mysql-community-libs-8.0.38-1.el9.x86_64                                                                                                                               3/6 
  Running scriptlet: mysql-community-libs-8.0.38-1.el9.x86_64                                                                                                                               3/6 
  Installing       : mysql-community-client-8.0.38-1.el9.x86_64                                                                                                                             4/6 
  Installing       : mysql-community-icu-data-files-8.0.38-1.el9.x86_64                                                                                                                     5/6 
  Running scriptlet: mysql-community-server-8.0.38-1.el9.x86_64                                                                                                                             6/6 
  Installing       : mysql-community-server-8.0.38-1.el9.x86_64                                                                                                                             6/6 
  Running scriptlet: mysql-community-server-8.0.38-1.el9.x86_64                                                                                                                             6/6 
  Verifying        : mysql-community-client-8.0.38-1.el9.x86_64                                                                                                                             1/6 
  Verifying        : mysql-community-client-plugins-8.0.38-1.el9.x86_64                                                                                                                     2/6 
  Verifying        : mysql-community-common-8.0.38-1.el9.x86_64                                                                                                                             3/6 
  Verifying        : mysql-community-icu-data-files-8.0.38-1.el9.x86_64                                                                                                                     4/6 
  Verifying        : mysql-community-libs-8.0.38-1.el9.x86_64                                                                                                                               5/6 
  Verifying        : mysql-community-server-8.0.38-1.el9.x86_64                                                                                                                             6/6 

Installed:
  mysql-community-client-8.0.38-1.el9.x86_64 mysql-community-client-plugins-8.0.38-1.el9.x86_64 mysql-community-common-8.0.38-1.el9.x86_64 mysql-community-icu-data-files-8.0.38-1.el9.x86_64
  mysql-community-libs-8.0.38-1.el9.x86_64   mysql-community-server-8.0.38-1.el9.x86_64        

Complete!
[ec2-user@ip-10-1-11-217 ~]$ mysql --version
mysql  Ver 8.0.38 for Linux on x86_64 (MySQL Community Server - GPL)
[ec2-user@ip-10-1-11-217 ~]$ mysql -h udacity1.ceeana9joahu.us-east-1.rds.amazonaws.com -P 3306 -u admin -p
Enter password: 
Welcome to the MySQL monitor.  Commands end with ; or \g.
Your MySQL connection id is 36
Server version: 8.0.35 Source distribution

Copyright (c) 2000, 2024, Oracle and/or its affiliates.

Oracle is a registered trademark of Oracle Corporation and/or its
affiliates. Other names may be trademarks of their respective
owners.

Type 'help;' or '\h' for help. Type '\c' to clear the current input statement.

mysql> SHOW DATABASES;
+--------------------+
| Database           |
+--------------------+
| information_schema |
| mysql              |
| performance_schema |
| sys                |
+--------------------+
4 rows in set (0.01 sec)

mysql> CREATE DATABASE udacity;
Query OK, 1 row affected (0.01 sec)

mysql> USE udacity;
Database changed
mysql> SHOW TABLES;
Empty set (0.00 sec)

mysql> CREATE TABLE employees (
    ->     id INT AUTO_INCREMENT PRIMARY KEY,
    ->     name VARCHAR(100),
    ->     position VARCHAR(100),
    ->     salary INT
    -> );
Query OK, 0 rows affected (0.05 sec)

mysql> SHOW FULL TABLES;
+-------------------+------------+
| Tables_in_udacity | Table_type |
+-------------------+------------+
| employees         | BASE TABLE |
+-------------------+------------+
1 row in set (0.00 sec)

mysql> DESCRIBE employees;
+----------+--------------+------+-----+---------+----------------+
| Field    | Type         | Null | Key | Default | Extra          |
+----------+--------------+------+-----+---------+----------------+
| id       | int          | NO   | PRI | NULL    | auto_increment |
| name     | varchar(100) | YES  |     | NULL    |                |
| position | varchar(100) | YES  |     | NULL    |                |
| salary   | int          | YES  |     | NULL    |                |
+----------+--------------+------+-----+---------+----------------+
4 rows in set (0.01 sec)

mysql> INSERT INTO employees (name, position, salary) VALUES ('Tran Ngoc Thuong', 'Manager', 80000), ('Nguyen Minh Ngoc', 'Developer', 70000);
Query OK, 2 rows affected (0.02 sec)
Records: 2  Duplicates: 0  Warnings: 0

mysql> SELECT * FROM employees;
+----+------------------+-----------+--------+
| id | name             | position  | salary |
+----+------------------+-----------+--------+
|  1 | Tran Ngoc Thuong | Manager   |  80000 |
|  2 | Nguyen Minh Ngoc | Developer |  70000 |
+----+------------------+-----------+--------+
2 rows in set (0.00 sec)

mysql> UPDATE employees SET salary = 78000 WHERE name = 'Nguyen Minh Ngoc';
Query OK, 1 row affected (0.01 sec)
Rows matched: 1  Changed: 1  Warnings: 0

mysql> SELECT * FROM employees;
+----+------------------+-----------+--------+
| id | name             | position  | salary |
+----+------------------+-----------+--------+
|  1 | Tran Ngoc Thuong | Manager   |  80000 |
|  2 | Nguyen Minh Ngoc | Developer |  78000 |
+----+------------------+-----------+--------+
2 rows in set (0.00 sec)

mysql> 